Archive member included to satisfy reference by file (symbol)

c:/users/pierre-anthony/.vscode/extensions/buzzyelectronics.stm-helper-1.2.9/armgcc/bin/../lib/gcc/arm-none-eabi/9.2.1/../../../../arm-none-eabi/lib/thumb/v6-m/nofp\libc_nano.a(lib_a-exit.o)
                              c:/users/pierre-anthony/.vscode/extensions/buzzyelectronics.stm-helper-1.2.9/armgcc/bin/../lib/gcc/arm-none-eabi/9.2.1/../../../../arm-none-eabi/lib/thumb/v6-m/nofp/crt0.o (exit)
c:/users/pierre-anthony/.vscode/extensions/buzzyelectronics.stm-helper-1.2.9/armgcc/bin/../lib/gcc/arm-none-eabi/9.2.1/../../../../arm-none-eabi/lib/thumb/v6-m/nofp\libc_nano.a(lib_a-impure.o)
                              c:/users/pierre-anthony/.vscode/extensions/buzzyelectronics.stm-helper-1.2.9/armgcc/bin/../lib/gcc/arm-none-eabi/9.2.1/../../../../arm-none-eabi/lib/thumb/v6-m/nofp\libc_nano.a(lib_a-exit.o) (_global_impure_ptr)
c:/users/pierre-anthony/.vscode/extensions/buzzyelectronics.stm-helper-1.2.9/armgcc/bin/../lib/gcc/arm-none-eabi/9.2.1/../../../../arm-none-eabi/lib/thumb/v6-m/nofp\libc_nano.a(lib_a-init.o)
                              c:/users/pierre-anthony/.vscode/extensions/buzzyelectronics.stm-helper-1.2.9/armgcc/bin/../lib/gcc/arm-none-eabi/9.2.1/../../../../arm-none-eabi/lib/thumb/v6-m/nofp/crt0.o (__libc_init_array)
c:/users/pierre-anthony/.vscode/extensions/buzzyelectronics.stm-helper-1.2.9/armgcc/bin/../lib/gcc/arm-none-eabi/9.2.1/../../../../arm-none-eabi/lib/thumb/v6-m/nofp\libc_nano.a(lib_a-memcpy-stub.o)
                              build/LX16A.o (memcpy)
c:/users/pierre-anthony/.vscode/extensions/buzzyelectronics.stm-helper-1.2.9/armgcc/bin/../lib/gcc/arm-none-eabi/9.2.1/../../../../arm-none-eabi/lib/thumb/v6-m/nofp\libc_nano.a(lib_a-memset.o)
                              c:/users/pierre-anthony/.vscode/extensions/buzzyelectronics.stm-helper-1.2.9/armgcc/bin/../lib/gcc/arm-none-eabi/9.2.1/../../../../arm-none-eabi/lib/thumb/v6-m/nofp/crt0.o (memset)
c:/users/pierre-anthony/.vscode/extensions/buzzyelectronics.stm-helper-1.2.9/armgcc/bin/../lib/gcc/arm-none-eabi/9.2.1/../../../../arm-none-eabi/lib/thumb/v6-m/nofp\libnosys.a(_exit.o)
                              c:/users/pierre-anthony/.vscode/extensions/buzzyelectronics.stm-helper-1.2.9/armgcc/bin/../lib/gcc/arm-none-eabi/9.2.1/../../../../arm-none-eabi/lib/thumb/v6-m/nofp\libc_nano.a(lib_a-exit.o) (_exit)
c:/users/pierre-anthony/.vscode/extensions/buzzyelectronics.stm-helper-1.2.9/armgcc/bin/../lib/gcc/arm-none-eabi/9.2.1/thumb/v6-m/nofp\libgcc.a(_udivsi3.o)
                              build/stm32f0xx_hal_uart.o (__aeabi_uidiv)
c:/users/pierre-anthony/.vscode/extensions/buzzyelectronics.stm-helper-1.2.9/armgcc/bin/../lib/gcc/arm-none-eabi/9.2.1/thumb/v6-m/nofp\libgcc.a(_dvmd_tls.o)
                              c:/users/pierre-anthony/.vscode/extensions/buzzyelectronics.stm-helper-1.2.9/armgcc/bin/../lib/gcc/arm-none-eabi/9.2.1/thumb/v6-m/nofp\libgcc.a(_udivsi3.o) (__aeabi_idiv0)

Allocating common symbols
Common symbol       size              file

uwTick              0x4               build/stm32f0xx_hal.o
pFlash              0x20              build/stm32f0xx_hal_flash.o
huart1              0x84              build/usart.o
huart2              0x84              build/usart.o

Discarded input sections

 .text          0x0000000000000000        0x0 c:/users/pierre-anthony/.vscode/extensions/buzzyelectronics.stm-helper-1.2.9/armgcc/bin/../lib/gcc/arm-none-eabi/9.2.1/thumb/v6-m/nofp/crti.o
 .data          0x0000000000000000        0x0 c:/users/pierre-anthony/.vscode/extensions/buzzyelectronics.stm-helper-1.2.9/armgcc/bin/../lib/gcc/arm-none-eabi/9.2.1/thumb/v6-m/nofp/crti.o
 .bss           0x0000000000000000        0x0 c:/users/pierre-anthony/.vscode/extensions/buzzyelectronics.stm-helper-1.2.9/armgcc/bin/../lib/gcc/arm-none-eabi/9.2.1/thumb/v6-m/nofp/crti.o
 .text          0x0000000000000000        0x0 c:/users/pierre-anthony/.vscode/extensions/buzzyelectronics.stm-helper-1.2.9/armgcc/bin/../lib/gcc/arm-none-eabi/9.2.1/thumb/v6-m/nofp/crtbegin.o
 .data          0x0000000000000000        0x0 c:/users/pierre-anthony/.vscode/extensions/buzzyelectronics.stm-helper-1.2.9/armgcc/bin/../lib/gcc/arm-none-eabi/9.2.1/thumb/v6-m/nofp/crtbegin.o
 .bss           0x0000000000000000        0x0 c:/users/pierre-anthony/.vscode/extensions/buzzyelectronics.stm-helper-1.2.9/armgcc/bin/../lib/gcc/arm-none-eabi/9.2.1/thumb/v6-m/nofp/crtbegin.o
 .data.__dso_handle
                0x0000000000000000        0x4 c:/users/pierre-anthony/.vscode/extensions/buzzyelectronics.stm-helper-1.2.9/armgcc/bin/../lib/gcc/arm-none-eabi/9.2.1/thumb/v6-m/nofp/crtbegin.o
 .text          0x0000000000000000       0x78 c:/users/pierre-anthony/.vscode/extensions/buzzyelectronics.stm-helper-1.2.9/armgcc/bin/../lib/gcc/arm-none-eabi/9.2.1/../../../../arm-none-eabi/lib/thumb/v6-m/nofp/crt0.o
[...]
Memory Configuration

Name             Origin             Length             Attributes
RAM              0x0000000020000000 0x0000000000001800 xrw
FLASH            0x0000000008000000 0x0000000000008000 xr
*default*        0x0000000000000000 0xffffffffffffffff

Linker script and memory map

LOAD c:/users/pierre-anthony/.vscode/extensions/buzzyelectronics.stm-helper-1.2.9/armgcc/bin/../lib/gcc/arm-none-eabi/9.2.1/thumb/v6-m/nofp/crti.o
LOAD c:/users/pierre-anthony/.vscode/extensions/buzzyelectronics.stm-helper-1.2.9/armgcc/bin/../lib/gcc/arm-none-eabi/9.2.1/thumb/v6-m/nofp/crtbegin.o
LOAD c:/users/pierre-anthony/.vscode/extensions/buzzyelectronics.stm-helper-1.2.9/armgcc/bin/../lib/gcc/arm-none-eabi/9.2.1/../../../../arm-none-eabi/lib/thumb/v6-m/nofp/crt0.o
LOAD build/main.o
LOAD build/gpio.o
LOAD build/usart.o
LOAD build/stm32f0xx_it.o
LOAD build/stm32f0xx_hal_msp.o
LOAD build/stm32f0xx_hal_tim.o
LOAD build/stm32f0xx_hal_tim_ex.o
LOAD build/stm32f0xx_hal_uart.o
LOAD build/stm32f0xx_hal_uart_ex.o
LOAD build/stm32f0xx_hal_rcc.o
LOAD build/stm32f0xx_hal_rcc_ex.o
LOAD build/stm32f0xx_hal.o
LOAD build/stm32f0xx_hal_i2c.o
LOAD build/stm32f0xx_hal_i2c_ex.o
LOAD build/stm32f0xx_hal_gpio.o
LOAD build/stm32f0xx_hal_dma.o
LOAD build/stm32f0xx_hal_cortex.o
LOAD build/stm32f0xx_hal_pwr.o
LOAD build/stm32f0xx_hal_pwr_ex.o
LOAD build/stm32f0xx_hal_flash.o
LOAD build/stm32f0xx_hal_flash_ex.o
LOAD build/stm32f0xx_hal_exti.o
LOAD build/system_stm32f0xx.o
LOAD build/LX16A.o
LOAD build/startup_stm32f042x6.o
LOAD c:/users/pierre-anthony/.vscode/extensions/buzzyelectronics.stm-helper-1.2.9/armgcc/bin/../lib/gcc/arm-none-eabi/9.2.1/../../../../arm-none-eabi/lib/thumb/v6-m/nofp\libc_nano.a
LOAD c:/users/pierre-anthony/.vscode/extensions/buzzyelectronics.stm-helper-1.2.9/armgcc/bin/../lib/gcc/arm-none-eabi/9.2.1/../../../../arm-none-eabi/lib/thumb/v6-m/nofp\libm.a
LOAD c:/users/pierre-anthony/.vscode/extensions/buzzyelectronics.stm-helper-1.2.9/armgcc/bin/../lib/gcc/arm-none-eabi/9.2.1/../../../../arm-none-eabi/lib/thumb/v6-m/nofp\libnosys.a
START GROUP
LOAD c:/users/pierre-anthony/.vscode/extensions/buzzyelectronics.stm-helper-1.2.9/armgcc/bin/../lib/gcc/arm-none-eabi/9.2.1/thumb/v6-m/nofp\libgcc.a
LOAD c:/users/pierre-anthony/.vscode/extensions/buzzyelectronics.stm-helper-1.2.9/armgcc/bin/../lib/gcc/arm-none-eabi/9.2.1/../../../../arm-none-eabi/lib/thumb/v6-m/nofp\libc_nano.a
END GROUP
START GROUP
LOAD c:/users/pierre-anthony/.vscode/extensions/buzzyelectronics.stm-helper-1.2.9/armgcc/bin/../lib/gcc/arm-none-eabi/9.2.1/thumb/v6-m/nofp\libgcc.a
LOAD c:/users/pierre-anthony/.vscode/extensions/buzzyelectronics.stm-helper-1.2.9/armgcc/bin/../lib/gcc/arm-none-eabi/9.2.1/../../../../arm-none-eabi/lib/thumb/v6-m/nofp\libc_nano.a
END GROUP
LOAD c:/users/pierre-anthony/.vscode/extensions/buzzyelectronics.stm-helper-1.2.9/armgcc/bin/../lib/gcc/arm-none-eabi/9.2.1/thumb/v6-m/nofp/crtend.o
LOAD c:/users/pierre-anthony/.vscode/extensions/buzzyelectronics.stm-helper-1.2.9/armgcc/bin/../lib/gcc/arm-none-eabi/9.2.1/thumb/v6-m/nofp/crtn.o
                0x0000000020001800                _estack = 0x20001800
                0x0000000000000200                _Min_Heap_Size = 0x200
                0x0000000000000400                _Min_Stack_Size = 0x400

.isr_vector     0x0000000008000000       0xc0
                0x0000000008000000                . = ALIGN (0x4)
 *(.isr_vector)
 .isr_vector    0x0000000008000000       0xc0 build/startup_stm32f042x6.o
                0x0000000008000000                g_pfnVectors
                0x00000000080000c0                . = ALIGN (0x4)

.text           0x00000000080000c0     0x1710
                0x00000000080000c0                . = ALIGN (0x4)
 *(.text)
 .text          0x00000000080000c0      0x114 c:/users/pierre-anthony/.vscode/extensions/buzzyelectronics.stm-helper-1.2.9/armgcc/bin/../lib/gcc/arm-none-eabi/9.2.1/thumb/v6-m/nofp\libgcc.a(_udivsi3.o)
                0x00000000080000c0                __aeabi_uidiv
                0x00000000080000c0                __udivsi3
                0x00000000080001cc                __aeabi_uidivmod
 .text          0x00000000080001d4        0x4 c:/users/pierre-anthony/.vscode/extensions/buzzyelectronics.stm-helper-1.2.9/armgcc/bin/../lib/gcc/arm-none-eabi/9.2.1/thumb/v6-m/nofp\libgcc.a(_dvmd_tls.o)
                0x00000000080001d4                __aeabi_idiv0
                0x00000000080001d4                __aeabi_ldiv0
 *(.text*)
 .text.__do_global_dtors_aux
                0x00000000080001d8       0x28 c:/users/pierre-anthony/.vscode/extensions/buzzyelectronics.stm-helper-1.2.9/armgcc/bin/../lib/gcc/arm-none-eabi/9.2.1/thumb/v6-m/nofp/crtbegin.o
 .text.frame_dummy
                0x0000000008000200       0x20 c:/users/pierre-anthony/.vscode/extensions/buzzyelectronics.stm-helper-1.2.9/armgcc/bin/../lib/gcc/arm-none-eabi/9.2.1/thumb/v6-m/nofp/crtbegin.o
 .text.Error_Handler
                0x0000000008000220       0x14 build/main.o
                0x0000000008000220                Error_Handler
 .text.SystemClock_Config
                0x0000000008000234       0x84 build/main.o
                0x0000000008000234                SystemClock_Config
 .text.main     0x00000000080002b8       0x70 build/main.o
                0x00000000080002b8                main
 .text.MX_GPIO_Init
                0x0000000008000328       0x78 build/gpio.o
                0x0000000008000328                MX_GPIO_Init
 .text.MX_USART1_UART_Init
                0x00000000080003a0       0x3c build/usart.o
                0x00000000080003a0                MX_USART1_UART_Init
 .text.MX_USART2_UART_Init
                0x00000000080003dc       0x3c build/usart.o
                0x00000000080003dc                MX_USART2_UART_Init
 .text.HAL_UART_MspInit
                0x0000000008000418       0xbc build/usart.o
                0x0000000008000418                HAL_UART_MspInit
 .text.NMI_Handler
                0x00000000080004d4        0x2 build/stm32f0xx_it.o
                0x00000000080004d4                NMI_Handler
 .text.HardFault_Handler
                0x00000000080004d6        0x2 build/stm32f0xx_it.o
                0x00000000080004d6                HardFault_Handler
 .text.SVC_Handler
                0x00000000080004d8        0x2 build/stm32f0xx_it.o
                0x00000000080004d8                SVC_Handler
 .text.PendSV_Handler
                0x00000000080004da        0x2 build/stm32f0xx_it.o
                0x00000000080004da                PendSV_Handler
 .text.SysTick_Handler
                0x00000000080004dc        0x8 build/stm32f0xx_it.o
                0x00000000080004dc                SysTick_Handler
 .text.HAL_MspInit
                0x00000000080004e4       0x30 build/stm32f0xx_hal_msp.o
                0x00000000080004e4                HAL_MspInit
 .text.HAL_HalfDuplex_EnableTransmitter
                0x0000000008000514       0x38 build/stm32f0xx_hal_uart.o
                0x0000000008000514                HAL_HalfDuplex_EnableTransmitter
 .text.HAL_HalfDuplex_EnableReceiver
                0x000000000800054c       0x38 build/stm32f0xx_hal_uart.o
                0x000000000800054c                HAL_HalfDuplex_EnableReceiver
 .text.UART_SetConfig
                0x0000000008000584      0x17c build/stm32f0xx_hal_uart.o
                0x0000000008000584                UART_SetConfig
 .text.UART_AdvFeatureConfig
                0x0000000008000700       0xe0 build/stm32f0xx_hal_uart.o
                0x0000000008000700                UART_AdvFeatureConfig
 .text.UART_WaitOnFlagUntilTimeout
                0x00000000080007e0       0xb0 build/stm32f0xx_hal_uart.o
                0x00000000080007e0                UART_WaitOnFlagUntilTimeout
 .text.HAL_UART_Transmit
                0x0000000008000890      0x102 build/stm32f0xx_hal_uart.o
                0x0000000008000890                HAL_UART_Transmit
 *fill*         0x0000000008000992        0x2 
 .text.UART_CheckIdleState
                0x0000000008000994       0x70 build/stm32f0xx_hal_uart.o
                0x0000000008000994                UART_CheckIdleState
 .text.HAL_UART_Init
                0x0000000008000a04       0x6c build/stm32f0xx_hal_uart.o
                0x0000000008000a04                HAL_UART_Init
 .text.HAL_HalfDuplex_Init
                0x0000000008000a70       0x78 build/stm32f0xx_hal_uart.o
                0x0000000008000a70                HAL_HalfDuplex_Init
 .text.HAL_RCC_OscConfig
                0x0000000008000ae8      0x544 build/stm32f0xx_hal_rcc.o
                0x0000000008000ae8                HAL_RCC_OscConfig
 .text.HAL_RCC_GetSysClockFreq
                0x000000000800102c       0x94 build/stm32f0xx_hal_rcc.o
                0x000000000800102c                HAL_RCC_GetSysClockFreq
 .text.HAL_RCC_ClockConfig
                0x00000000080010c0      0x144 build/stm32f0xx_hal_rcc.o
                0x00000000080010c0                HAL_RCC_ClockConfig
 .text.HAL_RCC_GetHCLKFreq
                0x0000000008001204        0xc build/stm32f0xx_hal_rcc.o
                0x0000000008001204                HAL_RCC_GetHCLKFreq
 .text.HAL_RCC_GetPCLK1Freq
                0x0000000008001210       0x20 build/stm32f0xx_hal_rcc.o
                0x0000000008001210                HAL_RCC_GetPCLK1Freq
 .text.HAL_RCCEx_PeriphCLKConfig
                0x0000000008001230      0x144 build/stm32f0xx_hal_rcc_ex.o
                0x0000000008001230                HAL_RCCEx_PeriphCLKConfig
 .text.HAL_InitTick
                0x0000000008001374       0x50 build/stm32f0xx_hal.o
                0x0000000008001374                HAL_InitTick
 .text.HAL_Init
                0x00000000080013c4       0x20 build/stm32f0xx_hal.o
                0x00000000080013c4                HAL_Init
 .text.HAL_IncTick
                0x00000000080013e4       0x18 build/stm32f0xx_hal.o
                0x00000000080013e4                HAL_IncTick
 .text.HAL_GetTick
                0x00000000080013fc        0xc build/stm32f0xx_hal.o
                0x00000000080013fc                HAL_GetTick
 .text.HAL_Delay
                0x0000000008001408       0x24 build/stm32f0xx_hal.o
                0x0000000008001408                HAL_Delay
 .text.HAL_GPIO_Init
                0x000000000800142c      0x188 build/stm32f0xx_hal_gpio.o
                0x000000000800142c                HAL_GPIO_Init
 .text.HAL_GPIO_WritePin
                0x00000000080015b4        0xc build/stm32f0xx_hal_gpio.o
                0x00000000080015b4                HAL_GPIO_WritePin
 .text.HAL_NVIC_SetPriority
                0x00000000080015c0       0x60 build/stm32f0xx_hal_cortex.o
                0x00000000080015c0                HAL_NVIC_SetPriority
 .text.HAL_SYSTICK_Config
                0x0000000008001620       0x38 build/stm32f0xx_hal_cortex.o
                0x0000000008001620                HAL_SYSTICK_Config
 .text.SystemInit
                0x0000000008001658        0x2 build/system_stm32f0xx.o
                0x0000000008001658                SystemInit
 .text.LobotCheckSum
                0x000000000800165a       0x1e build/LX16A.o
                0x000000000800165a                LobotCheckSum
 .text.LobotSerialServoMove
                0x0000000008001678       0x64 build/LX16A.o
                0x0000000008001678                LobotSerialServoMove
 .text.Reset_Handler
                0x00000000080016dc       0x80 build/startup_stm32f042x6.o
                0x00000000080016dc                Reset_Handler
 .text.Default_Handler
                0x000000000800175c        0x2 build/startup_stm32f042x6.o
                0x000000000800175c                TIM1_CC_IRQHandler
                0x000000000800175c                TSC_IRQHandler
                0x000000000800175c                I2C1_IRQHandler
                0x000000000800175c                RCC_CRS_IRQHandler
                0x000000000800175c                SPI1_IRQHandler
                0x000000000800175c                EXTI2_3_IRQHandler
                0x000000000800175c                ADC1_IRQHandler
                0x000000000800175c                TIM17_IRQHandler
                0x000000000800175c                CEC_CAN_IRQHandler
                0x000000000800175c                RTC_IRQHandler
                0x000000000800175c                PVD_VDDIO2_IRQHandler
                0x000000000800175c                TIM16_IRQHandler
                0x000000000800175c                TIM3_IRQHandler
                0x000000000800175c                EXTI4_15_IRQHandler
                0x000000000800175c                DMA1_Channel1_IRQHandler
                0x000000000800175c                Default_Handler
                0x000000000800175c                TIM14_IRQHandler
                0x000000000800175c                DMA1_Channel4_5_IRQHandler
                0x000000000800175c                EXTI0_1_IRQHandler
                0x000000000800175c                USB_IRQHandler
                0x000000000800175c                SPI2_IRQHandler
                0x000000000800175c                WWDG_IRQHandler
                0x000000000800175c                TIM2_IRQHandler
                0x000000000800175c                DMA1_Channel2_3_IRQHandler
                0x000000000800175c                USART2_IRQHandler
                0x000000000800175c                FLASH_IRQHandler
                0x000000000800175c                USART1_IRQHandler
                0x000000000800175c                TIM1_BRK_UP_TRG_COM_IRQHandler
 *fill*         0x000000000800175e        0x2 
 .text.__libc_init_array
                0x0000000008001760       0x48 c:/users/pierre-anthony/.vscode/extensions/buzzyelectronics.stm-helper-1.2.9/armgcc/bin/../lib/gcc/arm-none-eabi/9.2.1/../../../../arm-none-eabi/lib/thumb/v6-m/nofp\libc_nano.a(lib_a-init.o)
                0x0000000008001760                __libc_init_array
 .text.memset   0x00000000080017a8       0x10 c:/users/pierre-anthony/.vscode/extensions/buzzyelectronics.stm-helper-1.2.9/armgcc/bin/../lib/gcc/arm-none-eabi/9.2.1/../../../../arm-none-eabi/lib/thumb/v6-m/nofp\libc_nano.a(lib_a-memset.o)
                0x00000000080017a8                memset
 *(.glue_7)
 .glue_7        0x00000000080017b8        0x0 linker stubs
 *(.glue_7t)
 .glue_7t       0x00000000080017b8        0x0 linker stubs
 *(.eh_frame)
 .eh_frame      0x00000000080017b8        0x0 c:/users/pierre-anthony/.vscode/extensions/buzzyelectronics.stm-helper-1.2.9/armgcc/bin/../lib/gcc/arm-none-eabi/9.2.1/thumb/v6-m/nofp/crtbegin.o
 *(.init)
 .init          0x00000000080017b8        0x4 c:/users/pierre-anthony/.vscode/extensions/buzzyelectronics.stm-helper-1.2.9/armgcc/bin/../lib/gcc/arm-none-eabi/9.2.1/thumb/v6-m/nofp/crti.o
                0x00000000080017b8                _init
 .init          0x00000000080017bc        0x8 c:/users/pierre-anthony/.vscode/extensions/buzzyelectronics.stm-helper-1.2.9/armgcc/bin/../lib/gcc/arm-none-eabi/9.2.1/thumb/v6-m/nofp/crtn.o
 *(.fini)
 .fini          0x00000000080017c4        0x4 c:/users/pierre-anthony/.vscode/extensions/buzzyelectronics.stm-helper-1.2.9/armgcc/bin/../lib/gcc/arm-none-eabi/9.2.1/thumb/v6-m/nofp/crti.o
                0x00000000080017c4                _fini
 .fini          0x00000000080017c8        0x8 c:/users/pierre-anthony/.vscode/extensions/buzzyelectronics.stm-helper-1.2.9/armgcc/bin/../lib/gcc/arm-none-eabi/9.2.1/thumb/v6-m/nofp/crtn.o
                0x00000000080017d0                . = ALIGN (0x4)
                0x00000000080017d0                _etext = .

.vfp11_veneer   0x00000000080017d0        0x0
 .vfp11_veneer  0x00000000080017d0        0x0 linker stubs

.v4_bx          0x00000000080017d0        0x0
 .v4_bx         0x00000000080017d0        0x0 linker stubs

.iplt           0x00000000080017d0        0x0
 .iplt          0x00000000080017d0        0x0 c:/users/pierre-anthony/.vscode/extensions/buzzyelectronics.stm-helper-1.2.9/armgcc/bin/../lib/gcc/arm-none-eabi/9.2.1/thumb/v6-m/nofp/crtbegin.o

.rodata         0x00000000080017d0       0x40
                0x00000000080017d0                . = ALIGN (0x4)
 *(.rodata)
 *(.rodata*)
 .rodata.HAL_RCC_GetSysClockFreq.str1.4
                0x00000000080017d0       0x25 build/stm32f0xx_hal_rcc.o
 *fill*         0x00000000080017f5        0x3 
 .rodata.AHBPrescTable
                0x00000000080017f8       0x10 build/system_stm32f0xx.o
                0x00000000080017f8                AHBPrescTable
 .rodata.APBPrescTable
                0x0000000008001808        0x8 build/system_stm32f0xx.o
                0x0000000008001808                APBPrescTable
                0x0000000008001810                . = ALIGN (0x4)

.rel.dyn        0x0000000008001810        0x0
 .rel.iplt      0x0000000008001810        0x0 c:/users/pierre-anthony/.vscode/extensions/buzzyelectronics.stm-helper-1.2.9/armgcc/bin/../lib/gcc/arm-none-eabi/9.2.1/thumb/v6-m/nofp/crtbegin.o

.ARM.extab
 *(.ARM.extab* .gnu.linkonce.armextab.*)

.ARM            0x0000000008001810        0x0
                0x0000000008001810                __exidx_start = .
 *(.ARM.exidx*)
                0x0000000008001810                __exidx_end = .

.preinit_array  0x0000000008001810        0x0
                0x0000000008001810                PROVIDE (__preinit_array_start = .)
 *(.preinit_array*)
                0x0000000008001810                PROVIDE (__preinit_array_end = .)

.init_array     0x0000000008001810        0x4
                0x0000000008001810                PROVIDE (__init_array_start = .)
 *(SORT_BY_NAME(.init_array.*))
 *(.init_array*)
 .init_array    0x0000000008001810        0x4 c:/users/pierre-anthony/.vscode/extensions/buzzyelectronics.stm-helper-1.2.9/armgcc/bin/../lib/gcc/arm-none-eabi/9.2.1/thumb/v6-m/nofp/crtbegin.o
                0x0000000008001814                PROVIDE (__init_array_end = .)

.fini_array     0x0000000008001814        0x4
                [!provide]                        PROVIDE (__fini_array_start = .)
 *(SORT_BY_NAME(.fini_array.*))
 *(.fini_array*)
 .fini_array    0x0000000008001814        0x4 c:/users/pierre-anthony/.vscode/extensions/buzzyelectronics.stm-helper-1.2.9/armgcc/bin/../lib/gcc/arm-none-eabi/9.2.1/thumb/v6-m/nofp/crtbegin.o
                [!provide]                        PROVIDE (__fini_array_end = .)
                0x0000000008001818                _sidata = LOADADDR (.data)

.data           0x0000000020000000       0x10 load address 0x0000000008001818
                0x0000000020000000                . = ALIGN (0x4)
                0x0000000020000000                _sdata = .
 *(.data)
 *(.data*)
 .data.uwTickFreq
                0x0000000020000000        0x1 build/stm32f0xx_hal.o
                0x0000000020000000                uwTickFreq
 *fill*         0x0000000020000001        0x3 
 .data.uwTickPrio
                0x0000000020000004        0x4 build/stm32f0xx_hal.o
                0x0000000020000004                uwTickPrio
 .data.SystemCoreClock
                0x0000000020000008        0x4 build/system_stm32f0xx.o
                0x0000000020000008                SystemCoreClock
 .data.timeout1
                0x000000002000000c        0x4 build/LX16A.o
                0x000000002000000c                timeout1
                0x0000000020000010                . = ALIGN (0x4)
                0x0000000020000010                _edata = .

.igot.plt       0x0000000020000010        0x0 load address 0x0000000008001828
 .igot.plt      0x0000000020000010        0x0 c:/users/pierre-anthony/.vscode/extensions/buzzyelectronics.stm-helper-1.2.9/armgcc/bin/../lib/gcc/arm-none-eabi/9.2.1/thumb/v6-m/nofp/crtbegin.o
                0x0000000020000010                . = ALIGN (0x4)

.bss            0x0000000020000010      0x128 load address 0x0000000008001828
                0x0000000020000010                _sbss = .
                0x0000000020000010                __bss_start__ = _sbss
 *(.bss)
 *(.bss*)
 .bss.completed.8911
                0x0000000020000010        0x1 c:/users/pierre-anthony/.vscode/extensions/buzzyelectronics.stm-helper-1.2.9/armgcc/bin/../lib/gcc/arm-none-eabi/9.2.1/thumb/v6-m/nofp/crtbegin.o
 *fill*         0x0000000020000011        0x3 
 .bss.object.8916
                0x0000000020000014       0x18 c:/users/pierre-anthony/.vscode/extensions/buzzyelectronics.stm-helper-1.2.9/armgcc/bin/../lib/gcc/arm-none-eabi/9.2.1/thumb/v6-m/nofp/crtbegin.o
 *(COMMON)
 COMMON         0x000000002000002c      0x108 build/usart.o
                0x000000002000002c                huart1
                0x00000000200000b0                huart2
 COMMON         0x0000000020000134        0x4 build/stm32f0xx_hal.o
                0x0000000020000134                uwTick
                0x0000000020000138                . = ALIGN (0x4)
                0x0000000020000138                _ebss = .
                0x0000000020000138                __bss_end__ = _ebss

._user_heap_stack
                0x0000000020000138      0x600 load address 0x0000000008001828
                0x0000000020000138                . = ALIGN (0x8)
                [!provide]                        PROVIDE (end = .)
                [!provide]                        PROVIDE (_end = .)
                0x0000000020000338                . = (. + _Min_Heap_Size)
 *fill*         0x0000000020000138      0x200 
                0x0000000020000738                . = (. + _Min_Stack_Size)
 *fill*         0x0000000020000338      0x400 
                0x0000000020000738                . = ALIGN (0x8)

/DISCARD/
 libc.a(*)
 libm.a(*)
 libgcc.a(*)

.ARM.attributes
                0x0000000000000000       0x28
 *(.ARM.attributes)
 .ARM.attributes
                0x0000000000000000       0x1e c:/users/pierre-anthony/.vscode/extensions/buzzyelectronics.stm-helper-1.2.9/armgcc/bin/../lib/gcc/arm-none-eabi/9.2.1/thumb/v6-m/nofp/crti.o
 .ARM.attributes
                0x000000000000001e       0x2c c:/users/pierre-anthony/.vscode/extensions/buzzyelectronics.stm-helper-1.2.9/armgcc/bin/../lib/gcc/arm-none-eabi/9.2.1/thumb/v6-m/nofp/crtbegin.o
 .ARM.attributes
                0x000000000000004a       0x2c build/main.o
 .ARM.attributes
                0x0000000000000076       0x2c build/gpio.o
 .ARM.attributes
                0x00000000000000a2       0x2c build/usart.o
 .ARM.attributes
                0x00000000000000ce       0x2c build/stm32f0xx_it.o
 .ARM.attributes
                0x00000000000000fa       0x2c build/stm32f0xx_hal_msp.o
 .ARM.attributes
                0x0000000000000126       0x2c build/stm32f0xx_hal_uart.o
 .ARM.attributes
                0x0000000000000152       0x2c build/stm32f0xx_hal_rcc.o
 .ARM.attributes
                0x000000000000017e       0x2c build/stm32f0xx_hal_rcc_ex.o
 .ARM.attributes
                0x00000000000001aa       0x2c build/stm32f0xx_hal.o
 .ARM.attributes
                0x00000000000001d6       0x2c build/stm32f0xx_hal_gpio.o
 .ARM.attributes
                0x0000000000000202       0x2c build/stm32f0xx_hal_cortex.o
 .ARM.attributes
                0x000000000000022e       0x2c build/system_stm32f0xx.o
 .ARM.attributes
                0x000000000000025a       0x2c build/LX16A.o
 .ARM.attributes
                0x0000000000000286       0x21 build/startup_stm32f042x6.o
 .ARM.attributes
                0x00000000000002a7       0x2c c:/users/pierre-anthony/.vscode/extensions/buzzyelectronics.stm-helper-1.2.9/armgcc/bin/../lib/gcc/arm-none-eabi/9.2.1/../../../../arm-none-eabi/lib/thumb/v6-m/nofp\libc_nano.a(lib_a-init.o)
 .ARM.attributes
                0x00000000000002d3       0x2c c:/users/pierre-anthony/.vscode/extensions/buzzyelectronics.stm-helper-1.2.9/armgcc/bin/../lib/gcc/arm-none-eabi/9.2.1/../../../../arm-none-eabi/lib/thumb/v6-m/nofp\libc_nano.a(lib_a-memset.o)
 .ARM.attributes
                0x00000000000002ff       0x1e c:/users/pierre-anthony/.vscode/extensions/buzzyelectronics.stm-helper-1.2.9/armgcc/bin/../lib/gcc/arm-none-eabi/9.2.1/thumb/v6-m/nofp\libgcc.a(_udivsi3.o)
 .ARM.attributes
                0x000000000000031d       0x1e c:/users/pierre-anthony/.vscode/extensions/buzzyelectronics.stm-helper-1.2.9/armgcc/bin/../lib/gcc/arm-none-eabi/9.2.1/thumb/v6-m/nofp\libgcc.a(_dvmd_tls.o)
 .ARM.attributes
                0x000000000000033b       0x1e c:/users/pierre-anthony/.vscode/extensions/buzzyelectronics.stm-helper-1.2.9/armgcc/bin/../lib/gcc/arm-none-eabi/9.2.1/thumb/v6-m/nofp/crtn.o
OUTPUT(build/stm32-LX16A.elf elf32-littlearm)

.debug_info     0x0000000000000000     0xd1e0
 .debug_info    0x0000000000000000     0x16fa build/main.o
 .debug_info    0x00000000000016fa     0x1465 build/gpio.o
 .debug_info    0x0000000000002b5f     0x15ca build/usart.o
 .debug_info    0x0000000000004129     0x11b3 build/stm32f0xx_it.o
 .debug_info    0x00000000000052dc     0x126c build/stm32f0xx_hal_msp.o
 .debug_info    0x0000000000006548     0x2202 build/stm32f0xx_hal_uart.o
 .debug_info    0x000000000000874a      0xba9 build/stm32f0xx_hal_rcc.o
 .debug_info    0x00000000000092f3      0x845 build/stm32f0xx_hal_rcc_ex.o
 .debug_info    0x0000000000009b38      0x846 build/stm32f0xx_hal.o
 .debug_info    0x000000000000a37e      0x7ab build/stm32f0xx_hal_gpio.o
 .debug_info    0x000000000000ab29      0x989 build/stm32f0xx_hal_cortex.o
 .debug_info    0x000000000000b4b2      0x308 build/system_stm32f0xx.o
 .debug_info    0x000000000000b7ba     0x1a04 build/LX16A.o
 .debug_info    0x000000000000d1be       0x22 build/startup_stm32f042x6.o

.debug_abbrev   0x0000000000000000     0x1fe0
 .debug_abbrev  0x0000000000000000      0x2a4 build/main.o
 .debug_abbrev  0x00000000000002a4      0x25f build/gpio.o
 .debug_abbrev  0x0000000000000503      0x28d build/usart.o
 .debug_abbrev  0x0000000000000790      0x21e build/stm32f0xx_it.o
 .debug_abbrev  0x00000000000009ae      0x208 build/stm32f0xx_hal_msp.o
 .debug_abbrev  0x0000000000000bb6      0x2b7 build/stm32f0xx_hal_uart.o
 .debug_abbrev  0x0000000000000e6d      0x2a4 build/stm32f0xx_hal_rcc.o
 .debug_abbrev  0x0000000000001111      0x26f build/stm32f0xx_hal_rcc_ex.o
 .debug_abbrev  0x0000000000001380      0x26b build/stm32f0xx_hal.o
 .debug_abbrev  0x00000000000015eb      0x24f build/stm32f0xx_hal_gpio.o
 .debug_abbrev  0x000000000000183a      0x2d1 build/stm32f0xx_hal_cortex.o
 .debug_abbrev  0x0000000000001b0b      0x14a build/system_stm32f0xx.o
 .debug_abbrev  0x0000000000001c55      0x379 build/LX16A.o
 .debug_abbrev  0x0000000000001fce       0x12 build/startup_stm32f042x6.o

.debug_loc      0x0000000000000000     0x4c48
 .debug_loc     0x0000000000000000       0x6d build/main.o
 .debug_loc     0x000000000000006d       0x2c build/gpio.o
 .debug_loc     0x0000000000000099      0x12a build/usart.o
 .debug_loc     0x00000000000001c3       0x20 build/stm32f0xx_it.o
 .debug_loc     0x00000000000001e3       0x20 build/stm32f0xx_hal_msp.o
 .debug_loc     0x0000000000000203     0x256d build/stm32f0xx_hal_uart.o
 .debug_loc     0x0000000000002770      0x7d8 build/stm32f0xx_hal_rcc.o
 .debug_loc     0x0000000000002f48      0x856 build/stm32f0xx_hal_rcc_ex.o
 .debug_loc     0x000000000000379e      0x1e1 build/stm32f0xx_hal.o
 .debug_loc     0x000000000000397f      0x41f build/stm32f0xx_hal_gpio.o
 .debug_loc     0x0000000000003d9e      0x473 build/stm32f0xx_hal_cortex.o
 .debug_loc     0x0000000000004211      0x177 build/system_stm32f0xx.o
 .debug_loc     0x0000000000004388      0x8c0 build/LX16A.o

.debug_aranges  0x0000000000000000      0x660
 .debug_aranges
                0x0000000000000000       0x30 build/main.o
 .debug_aranges
                0x0000000000000030       0x20 build/gpio.o
 .debug_aranges
                0x0000000000000050       0x38 build/usart.o
 .debug_aranges
                0x0000000000000088       0x40 build/stm32f0xx_it.o
 .debug_aranges
                0x00000000000000c8       0x20 build/stm32f0xx_hal_msp.o
 .debug_aranges
                0x00000000000000e8      0x228 build/stm32f0xx_hal_uart.o
 .debug_aranges
                0x0000000000000310       0x80 build/stm32f0xx_hal_rcc.o
 .debug_aranges
                0x0000000000000390       0x78 build/stm32f0xx_hal_rcc_ex.o
 .debug_aranges
                0x0000000000000408       0xd0 build/stm32f0xx_hal.o
 .debug_aranges
                0x00000000000004d8       0x58 build/stm32f0xx_hal_gpio.o
 .debug_aranges
                0x0000000000000530       0x78 build/stm32f0xx_hal_cortex.o
 .debug_aranges
                0x00000000000005a8       0x28 build/system_stm32f0xx.o
 .debug_aranges
                0x00000000000005d0       0x68 build/LX16A.o
 .debug_aranges
                0x0000000000000638       0x28 build/startup_stm32f042x6.o

.debug_ranges   0x0000000000000000      0x618
 .debug_ranges  0x0000000000000000       0x20 build/main.o
 .debug_ranges  0x0000000000000020       0x10 build/gpio.o
 .debug_ranges  0x0000000000000030       0x28 build/usart.o
 .debug_ranges  0x0000000000000058       0x30 build/stm32f0xx_it.o
 .debug_ranges  0x0000000000000088       0x10 build/stm32f0xx_hal_msp.o
 .debug_ranges  0x0000000000000098      0x218 build/stm32f0xx_hal_uart.o
 .debug_ranges  0x00000000000002b0       0x88 build/stm32f0xx_hal_rcc.o
 .debug_ranges  0x0000000000000338       0x80 build/stm32f0xx_hal_rcc_ex.o
 .debug_ranges  0x00000000000003b8       0xc0 build/stm32f0xx_hal.o
 .debug_ranges  0x0000000000000478       0x48 build/stm32f0xx_hal_gpio.o
 .debug_ranges  0x00000000000004c0       0xc8 build/stm32f0xx_hal_cortex.o
 .debug_ranges  0x0000000000000588       0x18 build/system_stm32f0xx.o
 .debug_ranges  0x00000000000005a0       0x58 build/LX16A.o
 .debug_ranges  0x00000000000005f8       0x20 build/startup_stm32f042x6.o

.debug_line     0x0000000000000000     0x6822
 .debug_line    0x0000000000000000      0x481 build/main.o
 .debug_line    0x0000000000000481      0x32e build/gpio.o
 .debug_line    0x00000000000007af      0x4c0 build/usart.o
 .debug_line    0x0000000000000c6f      0x346 build/stm32f0xx_it.o
 .debug_line    0x0000000000000fb5      0x2e6 build/stm32f0xx_hal_msp.o
 .debug_line    0x000000000000129b     0x238a build/stm32f0xx_hal_uart.o
 .debug_line    0x0000000000003625      0xc7b build/stm32f0xx_hal_rcc.o
 .debug_line    0x00000000000042a0      0x91c build/stm32f0xx_hal_rcc_ex.o
 .debug_line    0x0000000000004bbc      0x536 build/stm32f0xx_hal.o
 .debug_line    0x00000000000050f2      0x6aa build/stm32f0xx_hal_gpio.o
 .debug_line    0x000000000000579c      0x58c build/stm32f0xx_hal_cortex.o
 .debug_line    0x0000000000005d28      0x2a4 build/system_stm32f0xx.o
 .debug_line    0x0000000000005fcc      0x7cd build/LX16A.o
 .debug_line    0x0000000000006799       0x89 build/startup_stm32f042x6.o

.debug_str      0x0000000000000000     0x23a9
 .debug_str     0x0000000000000000      0xc8f build/main.o
                                        0xd5b (size before relaxing)
 .debug_str     0x0000000000000c8f       0xca build/gpio.o
                                        0xb6c (size before relaxing)
 .debug_str     0x0000000000000d59       0x72 build/usart.o
                                        0xbef (size before relaxing)
 .debug_str     0x0000000000000dcb       0x6d build/stm32f0xx_it.o
                                        0xaa6 (size before relaxing)
 .debug_str     0x0000000000000e38       0x29 build/stm32f0xx_hal_msp.o
                                        0xabc (size before relaxing)
 .debug_str     0x0000000000000e61      0x804 build/stm32f0xx_hal_uart.o
                                        0xf36 (size before relaxing)
 .debug_str     0x0000000000001665      0x1cc build/stm32f0xx_hal_rcc.o
                                        0x6dd (size before relaxing)
 .debug_str     0x0000000000001831      0x2a1 build/stm32f0xx_hal_rcc_ex.o
                                        0x6c0 (size before relaxing)
 .debug_str     0x0000000000001ad2      0x38f build/stm32f0xx_hal.o
                                        0x6ed (size before relaxing)
 .debug_str     0x0000000000001e61      0x10e build/stm32f0xx_hal_gpio.o
                                        0x4c8 (size before relaxing)
 .debug_str     0x0000000000001f6f      0x27e build/stm32f0xx_hal_cortex.o
                                        0x6d7 (size before relaxing)
 .debug_str     0x00000000000021ed       0x3d build/system_stm32f0xx.o
                                        0x2f9 (size before relaxing)
 .debug_str     0x000000000000222a      0x15b build/LX16A.o
                                        0xc34 (size before relaxing)
 .debug_str     0x0000000000002385       0x24 build/startup_stm32f042x6.o
                                         0x59 (size before relaxing)

.comment        0x0000000000000000       0x66
 .comment       0x0000000000000000       0x66 build/main.o
                                         0x67 (size before relaxing)
 .comment       0x0000000000000066       0x67 build/gpio.o
 .comment       0x0000000000000066       0x67 build/usart.o
 .comment       0x0000000000000066       0x67 build/stm32f0xx_it.o
 .comment       0x0000000000000066       0x67 build/stm32f0xx_hal_msp.o
 .comment       0x0000000000000066       0x67 build/stm32f0xx_hal_uart.o
 .comment       0x0000000000000066       0x67 build/stm32f0xx_hal_rcc.o
 .comment       0x0000000000000066       0x67 build/stm32f0xx_hal_rcc_ex.o
 .comment       0x0000000000000066       0x67 build/stm32f0xx_hal.o
 .comment       0x0000000000000066       0x67 build/stm32f0xx_hal_gpio.o
 .comment       0x0000000000000066       0x67 build/stm32f0xx_hal_cortex.o
 .comment       0x0000000000000066       0x67 build/system_stm32f0xx.o
 .comment       0x0000000000000066       0x67 build/LX16A.o

.debug_frame    0x0000000000000000     0x1018
 .debug_frame   0x0000000000000000       0x70 build/main.o
 .debug_frame   0x0000000000000070       0x2c build/gpio.o
 .debug_frame   0x000000000000009c       0x80 build/usart.o
 .debug_frame   0x000000000000011c       0x6c build/stm32f0xx_it.o
 .debug_frame   0x0000000000000188       0x24 build/stm32f0xx_hal_msp.o
 .debug_frame   0x00000000000001ac      0x698 build/stm32f0xx_hal_uart.o
 .debug_frame   0x0000000000000844      0x158 build/stm32f0xx_hal_rcc.o
 .debug_frame   0x000000000000099c      0x10c build/stm32f0xx_hal_rcc_ex.o
 .debug_frame   0x0000000000000aa8      0x1c0 build/stm32f0xx_hal.o
 .debug_frame   0x0000000000000c68       0xdc build/stm32f0xx_hal_gpio.o
 .debug_frame   0x0000000000000d44       0xec build/stm32f0xx_hal_cortex.o
 .debug_frame   0x0000000000000e30       0x3c build/system_stm32f0xx.o
 .debug_frame   0x0000000000000e6c      0x140 build/LX16A.o
 .debug_frame   0x0000000000000fac       0x2c c:/users/pierre-anthony/.vscode/extensions/buzzyelectronics.stm-helper-1.2.9/armgcc/bin/../lib/gcc/arm-none-eabi/9.2.1/../../../../arm-none-eabi/lib/thumb/v6-m/nofp\libc_nano.a(lib_a-init.o)
 .debug_frame   0x0000000000000fd8       0x20 c:/users/pierre-anthony/.vscode/extensions/buzzyelectronics.stm-helper-1.2.9/armgcc/bin/../lib/gcc/arm-none-eabi/9.2.1/../../../../arm-none-eabi/lib/thumb/v6-m/nofp\libc_nano.a(lib_a-memset.o)
 .debug_frame   0x0000000000000ff8       0x20 c:/users/pierre-anthony/.vscode/extensions/buzzyelectronics.stm-helper-1.2.9/armgcc/bin/../lib/gcc/arm-none-eabi/9.2.1/thumb/v6-m/nofp\libgcc.a(_udivsi3.o)

Cross Reference Table

Symbol                                            File
ADC1_IRQHandler                                   build/startup_stm32f042x6.o
AHBPrescTable                                     build/system_stm32f0xx.o
                                                  build/stm32f0xx_hal_rcc.o
APBPrescTable                                     build/system_stm32f0xx.o
                                                  build/stm32f0xx_hal_rcc.o
CEC_CAN_IRQHandler                                build/startup_stm32f042x6.o
DMA1_Channel1_IRQHandler                          build/startup_stm32f042x6.o
DMA1_Channel2_3_IRQHandler                        build/startup_stm32f042x6.o
DMA1_Channel4_5_IRQHandler                        build/startup_stm32f042x6.o
Default_Handler                                   build/startup_stm32f042x6.o
EXTI0_1_IRQHandler                                build/startup_stm32f042x6.o
EXTI2_3_IRQHandler                                build/startup_stm32f042x6.o
EXTI4_15_IRQHandler                               build/startup_stm32f042x6.o
Error_Handler                                     build/main.o
                                                  build/usart.o
FLASH_IRQHandler                                  build/startup_stm32f042x6.o
FLASH_PageErase                                   build/stm32f0xx_hal_flash_ex.o
                                                  build/stm32f0xx_hal_flash.o
FLASH_WaitForLastOperation                        build/stm32f0xx_hal_flash.o
                                                  build/stm32f0xx_hal_flash_ex.o
HAL_DBGMCU_DisableDBGStandbyMode                  build/stm32f0xx_hal.o
HAL_DBGMCU_DisableDBGStopMode                     build/stm32f0xx_hal.o
HAL_DBGMCU_EnableDBGStandbyMode                   build/stm32f0xx_hal.o
HAL_DBGMCU_EnableDBGStopMode                      build/stm32f0xx_hal.o
HAL_DMA_Abort                                     build/stm32f0xx_hal_dma.o
                                                  build/stm32f0xx_hal_uart.o
HAL_DMA_Abort_IT                                  build/stm32f0xx_hal_dma.o
                                                  build/stm32f0xx_hal_i2c.o
                                                  build/stm32f0xx_hal_uart.o
HAL_DMA_DeInit                                    build/stm32f0xx_hal_dma.o
HAL_DMA_GetError                                  build/stm32f0xx_hal_dma.o
                                                  build/stm32f0xx_hal_uart.o
HAL_DMA_GetState                                  build/stm32f0xx_hal_dma.o
                                                  build/stm32f0xx_hal_i2c.o
HAL_DMA_IRQHandler                                build/stm32f0xx_hal_dma.o
HAL_DMA_Init                                      build/stm32f0xx_hal_dma.o
HAL_DMA_PollForTransfer                           build/stm32f0xx_hal_dma.o
HAL_DMA_RegisterCallback                          build/stm32f0xx_hal_dma.o
HAL_DMA_Start                                     build/stm32f0xx_hal_dma.o
HAL_DMA_Start_IT                                  build/stm32f0xx_hal_dma.o
                                                  build/stm32f0xx_hal_i2c.o
                                                  build/stm32f0xx_hal_uart.o
HAL_DMA_UnRegisterCallback                        build/stm32f0xx_hal_dma.o
HAL_DeInit                                        build/stm32f0xx_hal.o
HAL_Delay                                         build/stm32f0xx_hal.o
                                                  build/main.o
HAL_EXTI_ClearConfigLine                          build/stm32f0xx_hal_exti.o
HAL_EXTI_ClearPending                             build/stm32f0xx_hal_exti.o
HAL_EXTI_GenerateSWI                              build/stm32f0xx_hal_exti.o
HAL_EXTI_GetConfigLine                            build/stm32f0xx_hal_exti.o
HAL_EXTI_GetHandle                                build/stm32f0xx_hal_exti.o
HAL_EXTI_GetPending                               build/stm32f0xx_hal_exti.o
HAL_EXTI_IRQHandler                               build/stm32f0xx_hal_exti.o
HAL_EXTI_RegisterCallback                         build/stm32f0xx_hal_exti.o
HAL_EXTI_SetConfigLine                            build/stm32f0xx_hal_exti.o
HAL_FLASHEx_Erase                                 build/stm32f0xx_hal_flash_ex.o
HAL_FLASHEx_Erase_IT                              build/stm32f0xx_hal_flash_ex.o
HAL_FLASHEx_OBErase                               build/stm32f0xx_hal_flash_ex.o
HAL_FLASHEx_OBGetConfig                           build/stm32f0xx_hal_flash_ex.o
HAL_FLASHEx_OBGetUserData                         build/stm32f0xx_hal_flash_ex.o
HAL_FLASHEx_OBProgram                             build/stm32f0xx_hal_flash_ex.o
HAL_FLASH_EndOfOperationCallback                  build/stm32f0xx_hal_flash.o
HAL_FLASH_GetError                                build/stm32f0xx_hal_flash.o
HAL_FLASH_IRQHandler                              build/stm32f0xx_hal_flash.o
HAL_FLASH_Lock                                    build/stm32f0xx_hal_flash.o
HAL_FLASH_OB_Launch                               build/stm32f0xx_hal_flash.o
HAL_FLASH_OB_Lock                                 build/stm32f0xx_hal_flash.o
HAL_FLASH_OB_Unlock                               build/stm32f0xx_hal_flash.o
HAL_FLASH_OperationErrorCallback                  build/stm32f0xx_hal_flash.o
HAL_FLASH_Program                                 build/stm32f0xx_hal_flash.o
HAL_FLASH_Program_IT                              build/stm32f0xx_hal_flash.o
HAL_FLASH_Unlock                                  build/stm32f0xx_hal_flash.o
HAL_GPIO_DeInit                                   build/stm32f0xx_hal_gpio.o
                                                  build/usart.o
HAL_GPIO_EXTI_Callback                            build/stm32f0xx_hal_gpio.o
HAL_GPIO_EXTI_IRQHandler                          build/stm32f0xx_hal_gpio.o
HAL_GPIO_Init                                     build/stm32f0xx_hal_gpio.o
                                                  build/stm32f0xx_hal_rcc.o
                                                  build/usart.o
                                                  build/gpio.o
HAL_GPIO_LockPin                                  build/stm32f0xx_hal_gpio.o
HAL_GPIO_ReadPin                                  build/stm32f0xx_hal_gpio.o
HAL_GPIO_TogglePin                                build/stm32f0xx_hal_gpio.o
HAL_GPIO_WritePin                                 build/stm32f0xx_hal_gpio.o
                                                  build/gpio.o
                                                  build/main.o
HAL_GetDEVID                                      build/stm32f0xx_hal.o
HAL_GetHalVersion                                 build/stm32f0xx_hal.o
HAL_GetREVID                                      build/stm32f0xx_hal.o
HAL_GetTick                                       build/stm32f0xx_hal.o
                                                  build/stm32f0xx_hal_flash.o
                                                  build/stm32f0xx_hal_dma.o
                                                  build/stm32f0xx_hal_i2c.o
                                                  build/stm32f0xx_hal_rcc_ex.o
                                                  build/stm32f0xx_hal_rcc.o
                                                  build/stm32f0xx_hal_uart_ex.o
                                                  build/stm32f0xx_hal_uart.o
HAL_GetTickFreq                                   build/stm32f0xx_hal.o
HAL_GetTickPrio                                   build/stm32f0xx_hal.o
HAL_GetUIDw0                                      build/stm32f0xx_hal.o
HAL_GetUIDw1                                      build/stm32f0xx_hal.o
HAL_GetUIDw2                                      build/stm32f0xx_hal.o
HAL_HalfDuplex_EnableReceiver                     build/stm32f0xx_hal_uart.o
                                                  build/LX16A.o
HAL_HalfDuplex_EnableTransmitter                  build/stm32f0xx_hal_uart.o
                                                  build/LX16A.o
HAL_HalfDuplex_Init                               build/stm32f0xx_hal_uart.o
                                                  build/usart.o
HAL_I2CEx_ConfigAnalogFilter                      build/stm32f0xx_hal_i2c_ex.o
HAL_I2CEx_ConfigDigitalFilter                     build/stm32f0xx_hal_i2c_ex.o
HAL_I2CEx_DisableFastModePlus                     build/stm32f0xx_hal_i2c_ex.o
HAL_I2CEx_DisableWakeUp                           build/stm32f0xx_hal_i2c_ex.o
HAL_I2CEx_EnableFastModePlus                      build/stm32f0xx_hal_i2c_ex.o
HAL_I2CEx_EnableWakeUp                            build/stm32f0xx_hal_i2c_ex.o
HAL_I2C_AbortCpltCallback                         build/stm32f0xx_hal_i2c.o
HAL_I2C_AddrCallback                              build/stm32f0xx_hal_i2c.o
HAL_I2C_DeInit                                    build/stm32f0xx_hal_i2c.o
HAL_I2C_DisableListen_IT                          build/stm32f0xx_hal_i2c.o
HAL_I2C_ER_IRQHandler                             build/stm32f0xx_hal_i2c.o
HAL_I2C_EV_IRQHandler                             build/stm32f0xx_hal_i2c.o
HAL_I2C_EnableListen_IT                           build/stm32f0xx_hal_i2c.o
HAL_I2C_ErrorCallback                             build/stm32f0xx_hal_i2c.o
HAL_I2C_GetError                                  build/stm32f0xx_hal_i2c.o
HAL_I2C_GetMode                                   build/stm32f0xx_hal_i2c.o
HAL_I2C_GetState                                  build/stm32f0xx_hal_i2c.o
HAL_I2C_Init                                      build/stm32f0xx_hal_i2c.o
HAL_I2C_IsDeviceReady                             build/stm32f0xx_hal_i2c.o
HAL_I2C_ListenCpltCallback                        build/stm32f0xx_hal_i2c.o
HAL_I2C_MasterRxCpltCallback                      build/stm32f0xx_hal_i2c.o
HAL_I2C_MasterTxCpltCallback                      build/stm32f0xx_hal_i2c.o
HAL_I2C_Master_Abort_IT                           build/stm32f0xx_hal_i2c.o
HAL_I2C_Master_Receive                            build/stm32f0xx_hal_i2c.o
HAL_I2C_Master_Receive_DMA                        build/stm32f0xx_hal_i2c.o
HAL_I2C_Master_Receive_IT                         build/stm32f0xx_hal_i2c.o
HAL_I2C_Master_Seq_Receive_DMA                    build/stm32f0xx_hal_i2c.o
HAL_I2C_Master_Seq_Receive_IT                     build/stm32f0xx_hal_i2c.o
HAL_I2C_Master_Seq_Transmit_DMA                   build/stm32f0xx_hal_i2c.o
HAL_I2C_Master_Seq_Transmit_IT                    build/stm32f0xx_hal_i2c.o
HAL_I2C_Master_Transmit                           build/stm32f0xx_hal_i2c.o
HAL_I2C_Master_Transmit_DMA                       build/stm32f0xx_hal_i2c.o
HAL_I2C_Master_Transmit_IT                        build/stm32f0xx_hal_i2c.o
HAL_I2C_MemRxCpltCallback                         build/stm32f0xx_hal_i2c.o
HAL_I2C_MemTxCpltCallback                         build/stm32f0xx_hal_i2c.o
HAL_I2C_Mem_Read                                  build/stm32f0xx_hal_i2c.o
HAL_I2C_Mem_Read_DMA                              build/stm32f0xx_hal_i2c.o
HAL_I2C_Mem_Read_IT                               build/stm32f0xx_hal_i2c.o
HAL_I2C_Mem_Write                                 build/stm32f0xx_hal_i2c.o
HAL_I2C_Mem_Write_DMA                             build/stm32f0xx_hal_i2c.o
HAL_I2C_Mem_Write_IT                              build/stm32f0xx_hal_i2c.o
HAL_I2C_MspDeInit                                 build/stm32f0xx_hal_i2c.o
HAL_I2C_MspInit                                   build/stm32f0xx_hal_i2c.o
HAL_I2C_SlaveRxCpltCallback                       build/stm32f0xx_hal_i2c.o
HAL_I2C_SlaveTxCpltCallback                       build/stm32f0xx_hal_i2c.o
HAL_I2C_Slave_Receive                             build/stm32f0xx_hal_i2c.o
HAL_I2C_Slave_Receive_DMA                         build/stm32f0xx_hal_i2c.o
HAL_I2C_Slave_Receive_IT                          build/stm32f0xx_hal_i2c.o
HAL_I2C_Slave_Seq_Receive_DMA                     build/stm32f0xx_hal_i2c.o
HAL_I2C_Slave_Seq_Receive_IT                      build/stm32f0xx_hal_i2c.o
HAL_I2C_Slave_Seq_Transmit_DMA                    build/stm32f0xx_hal_i2c.o
HAL_I2C_Slave_Seq_Transmit_IT                     build/stm32f0xx_hal_i2c.o
HAL_I2C_Slave_Transmit                            build/stm32f0xx_hal_i2c.o
HAL_I2C_Slave_Transmit_DMA                        build/stm32f0xx_hal_i2c.o
HAL_I2C_Slave_Transmit_IT                         build/stm32f0xx_hal_i2c.o
HAL_IncTick                                       build/stm32f0xx_hal.o
                                                  build/stm32f0xx_it.o
HAL_Init                                          build/stm32f0xx_hal.o
                                                  build/main.o
HAL_InitTick                                      build/stm32f0xx_hal.o
                                                  build/stm32f0xx_hal_rcc.o
HAL_LIN_Init                                      build/stm32f0xx_hal_uart.o
HAL_LIN_SendBreak                                 build/stm32f0xx_hal_uart.o
HAL_MspDeInit                                     build/stm32f0xx_hal.o
HAL_MspInit                                       build/stm32f0xx_hal_msp.o
HAL_MultiProcessorEx_AddressLength_Set            build/stm32f0xx_hal_uart_ex.o
HAL_MultiProcessor_DisableMuteMode                build/stm32f0xx_hal_uart.o
HAL_MultiProcessor_EnableMuteMode                 build/stm32f0xx_hal_uart.o
HAL_MultiProcessor_EnterMuteMode                  build/stm32f0xx_hal_uart.o
HAL_MultiProcessor_Init                           build/stm32f0xx_hal_uart.o
HAL_NVIC_ClearPendingIRQ                          build/stm32f0xx_hal_cortex.o
HAL_NVIC_DisableIRQ                               build/stm32f0xx_hal_cortex.o
HAL_NVIC_EnableIRQ                                build/stm32f0xx_hal_cortex.o
HAL_NVIC_GetPendingIRQ                            build/stm32f0xx_hal_cortex.o
HAL_NVIC_GetPriority                              build/stm32f0xx_hal_cortex.o
HAL_NVIC_SetPendingIRQ                            build/stm32f0xx_hal_cortex.o
HAL_NVIC_SetPriority                              build/stm32f0xx_hal_cortex.o
                                                  build/stm32f0xx_hal.o
HAL_NVIC_SystemReset                              build/stm32f0xx_hal_cortex.o
HAL_PWREx_DisableVddio2Monitor                    build/stm32f0xx_hal_pwr_ex.o
HAL_PWREx_EnableVddio2Monitor                     build/stm32f0xx_hal_pwr_ex.o
HAL_PWREx_Vddio2MonitorCallback                   build/stm32f0xx_hal_pwr_ex.o
HAL_PWREx_Vddio2Monitor_IRQHandler                build/stm32f0xx_hal_pwr_ex.o
HAL_PWR_ConfigPVD                                 build/stm32f0xx_hal_pwr_ex.o
HAL_PWR_DeInit                                    build/stm32f0xx_hal_pwr.o
HAL_PWR_DisableBkUpAccess                         build/stm32f0xx_hal_pwr.o
HAL_PWR_DisablePVD                                build/stm32f0xx_hal_pwr_ex.o
HAL_PWR_DisableSEVOnPend                          build/stm32f0xx_hal_pwr.o
HAL_PWR_DisableSleepOnExit                        build/stm32f0xx_hal_pwr.o
HAL_PWR_DisableWakeUpPin                          build/stm32f0xx_hal_pwr.o
HAL_PWR_EnableBkUpAccess                          build/stm32f0xx_hal_pwr.o
HAL_PWR_EnablePVD                                 build/stm32f0xx_hal_pwr_ex.o
HAL_PWR_EnableSEVOnPend                           build/stm32f0xx_hal_pwr.o
HAL_PWR_EnableSleepOnExit                         build/stm32f0xx_hal_pwr.o
HAL_PWR_EnableWakeUpPin                           build/stm32f0xx_hal_pwr.o
HAL_PWR_EnterSLEEPMode                            build/stm32f0xx_hal_pwr.o
HAL_PWR_EnterSTANDBYMode                          build/stm32f0xx_hal_pwr.o
HAL_PWR_EnterSTOPMode                             build/stm32f0xx_hal_pwr.o
HAL_PWR_PVDCallback                               build/stm32f0xx_hal_pwr_ex.o
HAL_PWR_PVD_IRQHandler                            build/stm32f0xx_hal_pwr_ex.o
HAL_RCCEx_CRSConfig                               build/stm32f0xx_hal_rcc_ex.o
HAL_RCCEx_CRSGetSynchronizationInfo               build/stm32f0xx_hal_rcc_ex.o
HAL_RCCEx_CRSSoftwareSynchronizationGenerate      build/stm32f0xx_hal_rcc_ex.o
HAL_RCCEx_CRSWaitSynchronization                  build/stm32f0xx_hal_rcc_ex.o
HAL_RCCEx_CRS_ErrorCallback                       build/stm32f0xx_hal_rcc_ex.o
HAL_RCCEx_CRS_ExpectedSyncCallback                build/stm32f0xx_hal_rcc_ex.o
HAL_RCCEx_CRS_IRQHandler                          build/stm32f0xx_hal_rcc_ex.o
HAL_RCCEx_CRS_SyncOkCallback                      build/stm32f0xx_hal_rcc_ex.o
HAL_RCCEx_CRS_SyncWarnCallback                    build/stm32f0xx_hal_rcc_ex.o
HAL_RCCEx_GetPeriphCLKConfig                      build/stm32f0xx_hal_rcc_ex.o
HAL_RCCEx_GetPeriphCLKFreq                        build/stm32f0xx_hal_rcc_ex.o
HAL_RCCEx_PeriphCLKConfig                         build/stm32f0xx_hal_rcc_ex.o
                                                  build/main.o
HAL_RCC_CSSCallback                               build/stm32f0xx_hal_rcc.o
HAL_RCC_ClockConfig                               build/stm32f0xx_hal_rcc.o
                                                  build/main.o
HAL_RCC_DeInit                                    build/stm32f0xx_hal_rcc.o
HAL_RCC_DisableCSS                                build/stm32f0xx_hal_rcc.o
HAL_RCC_EnableCSS                                 build/stm32f0xx_hal_rcc.o
HAL_RCC_GetClockConfig                            build/stm32f0xx_hal_rcc.o
HAL_RCC_GetHCLKFreq                               build/stm32f0xx_hal_rcc.o
HAL_RCC_GetOscConfig                              build/stm32f0xx_hal_rcc.o
HAL_RCC_GetPCLK1Freq                              build/stm32f0xx_hal_rcc.o
                                                  build/stm32f0xx_hal_rcc_ex.o
                                                  build/stm32f0xx_hal_uart.o
HAL_RCC_GetSysClockFreq                           build/stm32f0xx_hal_rcc.o
                                                  build/stm32f0xx_hal_rcc_ex.o
                                                  build/stm32f0xx_hal_uart.o
HAL_RCC_MCOConfig                                 build/stm32f0xx_hal_rcc.o
HAL_RCC_NMI_IRQHandler                            build/stm32f0xx_hal_rcc.o
HAL_RCC_OscConfig                                 build/stm32f0xx_hal_rcc.o
                                                  build/main.o
HAL_RS485Ex_Init                                  build/stm32f0xx_hal_uart_ex.o
HAL_ResumeTick                                    build/stm32f0xx_hal.o
HAL_SYSTICK_CLKSourceConfig                       build/stm32f0xx_hal_cortex.o
HAL_SYSTICK_Callback                              build/stm32f0xx_hal_cortex.o
HAL_SYSTICK_Config                                build/stm32f0xx_hal_cortex.o
                                                  build/stm32f0xx_hal.o
HAL_SYSTICK_IRQHandler                            build/stm32f0xx_hal_cortex.o
HAL_SetTickFreq                                   build/stm32f0xx_hal.o
HAL_SuspendTick                                   build/stm32f0xx_hal.o
HAL_UARTEx_DisableStopMode                        build/stm32f0xx_hal_uart_ex.o
HAL_UARTEx_EnableStopMode                         build/stm32f0xx_hal_uart_ex.o
HAL_UARTEx_ReceiveToIdle                          build/stm32f0xx_hal_uart_ex.o
HAL_UARTEx_ReceiveToIdle_DMA                      build/stm32f0xx_hal_uart_ex.o
HAL_UARTEx_ReceiveToIdle_IT                       build/stm32f0xx_hal_uart_ex.o
HAL_UARTEx_RxEventCallback                        build/stm32f0xx_hal_uart.o
HAL_UARTEx_StopModeWakeUpSourceConfig             build/stm32f0xx_hal_uart_ex.o
HAL_UARTEx_WakeupCallback                         build/stm32f0xx_hal_uart_ex.o
                                                  build/stm32f0xx_hal_uart.o
HAL_UART_Abort                                    build/stm32f0xx_hal_uart.o
HAL_UART_AbortCpltCallback                        build/stm32f0xx_hal_uart.o
HAL_UART_AbortReceive                             build/stm32f0xx_hal_uart.o
HAL_UART_AbortReceiveCpltCallback                 build/stm32f0xx_hal_uart.o
HAL_UART_AbortReceive_IT                          build/stm32f0xx_hal_uart.o
HAL_UART_AbortTransmit                            build/stm32f0xx_hal_uart.o
HAL_UART_AbortTransmitCpltCallback                build/stm32f0xx_hal_uart.o
HAL_UART_AbortTransmit_IT                         build/stm32f0xx_hal_uart.o
HAL_UART_Abort_IT                                 build/stm32f0xx_hal_uart.o
HAL_UART_DMAPause                                 build/stm32f0xx_hal_uart.o
HAL_UART_DMAResume                                build/stm32f0xx_hal_uart.o
HAL_UART_DMAStop                                  build/stm32f0xx_hal_uart.o
HAL_UART_DeInit                                   build/stm32f0xx_hal_uart.o
HAL_UART_DisableReceiverTimeout                   build/stm32f0xx_hal_uart.o
HAL_UART_EnableReceiverTimeout                    build/stm32f0xx_hal_uart.o
HAL_UART_ErrorCallback                            build/stm32f0xx_hal_uart.o
HAL_UART_GetError                                 build/stm32f0xx_hal_uart.o
HAL_UART_GetState                                 build/stm32f0xx_hal_uart.o
HAL_UART_IRQHandler                               build/stm32f0xx_hal_uart.o
HAL_UART_Init                                     build/stm32f0xx_hal_uart.o
                                                  build/usart.o
HAL_UART_MspDeInit                                build/usart.o
HAL_UART_MspInit                                  build/usart.o
                                                  build/stm32f0xx_hal_uart_ex.o
HAL_UART_Receive                                  build/stm32f0xx_hal_uart.o
                                                  build/LX16A.o
HAL_UART_Receive_DMA                              build/stm32f0xx_hal_uart.o
HAL_UART_Receive_IT                               build/stm32f0xx_hal_uart.o
HAL_UART_ReceiverTimeout_Config                   build/stm32f0xx_hal_uart.o
HAL_UART_RxCpltCallback                           build/stm32f0xx_hal_uart.o
HAL_UART_RxHalfCpltCallback                       build/stm32f0xx_hal_uart.o
HAL_UART_Transmit                                 build/stm32f0xx_hal_uart.o
                                                  build/LX16A.o
HAL_UART_Transmit_DMA                             build/stm32f0xx_hal_uart.o
HAL_UART_Transmit_IT                              build/stm32f0xx_hal_uart.o
HAL_UART_TxCpltCallback                           build/stm32f0xx_hal_uart.o
HAL_UART_TxHalfCpltCallback                       build/stm32f0xx_hal_uart.o
HardFault_Handler                                 build/stm32f0xx_it.o
I2C1_IRQHandler                                   build/startup_stm32f042x6.o
LobotCheckSum                                     build/LX16A.o
LobotSerialServoLoad                              build/LX16A.o
LobotSerialServoMove                              build/LX16A.o
                                                  build/main.o
LobotSerialServoReadPosition                      build/LX16A.o
LobotSerialServoReadVin                           build/LX16A.o
LobotSerialServoReceiveHandle                     build/LX16A.o
LobotSerialServoSetID                             build/LX16A.o
LobotSerialServoSetMode                           build/LX16A.o
LobotSerialServoStopMove                          build/LX16A.o
LobotSerialServoUnload                            build/LX16A.o
MX_GPIO_Init                                      build/gpio.o
                                                  build/main.o
MX_USART1_UART_Init                               build/usart.o
                                                  build/main.o
MX_USART2_UART_Init                               build/usart.o
                                                  build/main.o
NMI_Handler                                       build/stm32f0xx_it.o
PVD_VDDIO2_IRQHandler                             build/startup_stm32f042x6.o
PendSV_Handler                                    build/stm32f0xx_it.o
RCC_CRS_IRQHandler                                build/startup_stm32f042x6.o
RTC_IRQHandler                                    build/startup_stm32f042x6.o
Reset_Handler                                     build/startup_stm32f042x6.o
SPI1_IRQHandler                                   build/startup_stm32f042x6.o
SPI2_IRQHandler                                   build/startup_stm32f042x6.o
SVC_Handler                                       build/stm32f0xx_it.o
SysTick_Handler                                   build/stm32f0xx_it.o
SystemClock_Config                                build/main.o
SystemCoreClock                                   build/system_stm32f0xx.o
                                                  build/stm32f0xx_hal.o
                                                  build/stm32f0xx_hal_rcc.o
SystemCoreClockUpdate                             build/system_stm32f0xx.o
SystemInit                                        build/system_stm32f0xx.o
                                                  build/startup_stm32f042x6.o
TIM14_IRQHandler                                  build/startup_stm32f042x6.o
TIM16_IRQHandler                                  build/startup_stm32f042x6.o
TIM17_IRQHandler                                  build/startup_stm32f042x6.o
TIM1_BRK_UP_TRG_COM_IRQHandler                    build/startup_stm32f042x6.o
TIM1_CC_IRQHandler                                build/startup_stm32f042x6.o
TIM2_IRQHandler                                   build/startup_stm32f042x6.o
TIM3_IRQHandler                                   build/startup_stm32f042x6.o
TSC_IRQHandler                                    build/startup_stm32f042x6.o
UART_AdvFeatureConfig                             build/stm32f0xx_hal_uart.o
                                                  build/stm32f0xx_hal_uart_ex.o
UART_CheckIdleState                               build/stm32f0xx_hal_uart.o
                                                  build/stm32f0xx_hal_uart_ex.o
UART_SetConfig                                    build/stm32f0xx_hal_uart.o
                                                  build/stm32f0xx_hal_uart_ex.o
UART_Start_Receive_DMA                            build/stm32f0xx_hal_uart.o
                                                  build/stm32f0xx_hal_uart_ex.o
UART_Start_Receive_IT                             build/stm32f0xx_hal_uart.o
                                                  build/stm32f0xx_hal_uart_ex.o
UART_WaitOnFlagUntilTimeout                       build/stm32f0xx_hal_uart.o
                                                  build/stm32f0xx_hal_uart_ex.o
USART1_IRQHandler                                 build/startup_stm32f042x6.o
USART2_IRQHandler                                 build/startup_stm32f042x6.o
USB_IRQHandler                                    build/startup_stm32f042x6.o
WWDG_IRQHandler                                   build/startup_stm32f042x6.o
__aeabi_idiv0                                     c:/users/pierre-anthony/.vscode/extensions/buzzyelectronics.stm-helper-1.2.9/armgcc/bin/../lib/gcc/arm-none-eabi/9.2.1/thumb/v6-m/nofp\libgcc.a(_dvmd_tls.o)
                                                  c:/users/pierre-anthony/.vscode/extensions/buzzyelectronics.stm-helper-1.2.9/armgcc/bin/../lib/gcc/arm-none-eabi/9.2.1/thumb/v6-m/nofp\libgcc.a(_udivsi3.o)
__aeabi_ldiv0                                     c:/users/pierre-anthony/.vscode/extensions/buzzyelectronics.stm-helper-1.2.9/armgcc/bin/../lib/gcc/arm-none-eabi/9.2.1/thumb/v6-m/nofp\libgcc.a(_dvmd_tls.o)
__aeabi_uidiv                                     c:/users/pierre-anthony/.vscode/extensions/buzzyelectronics.stm-helper-1.2.9/armgcc/bin/../lib/gcc/arm-none-eabi/9.2.1/thumb/v6-m/nofp\libgcc.a(_udivsi3.o)
                                                  build/system_stm32f0xx.o
                                                  build/stm32f0xx_hal_dma.o
                                                  build/stm32f0xx_hal.o
                                                  build/stm32f0xx_hal_rcc_ex.o
                                                  build/stm32f0xx_hal_rcc.o
                                                  build/stm32f0xx_hal_uart.o
__aeabi_uidivmod                                  c:/users/pierre-anthony/.vscode/extensions/buzzyelectronics.stm-helper-1.2.9/armgcc/bin/../lib/gcc/arm-none-eabi/9.2.1/thumb/v6-m/nofp\libgcc.a(_udivsi3.o)
__bss_end__                                       c:/users/pierre-anthony/.vscode/extensions/buzzyelectronics.stm-helper-1.2.9/armgcc/bin/../lib/gcc/arm-none-eabi/9.2.1/../../../../arm-none-eabi/lib/thumb/v6-m/nofp/crt0.o
__bss_start__                                     c:/users/pierre-anthony/.vscode/extensions/buzzyelectronics.stm-helper-1.2.9/armgcc/bin/../lib/gcc/arm-none-eabi/9.2.1/../../../../arm-none-eabi/lib/thumb/v6-m/nofp/crt0.o
__call_exitprocs                                  c:/users/pierre-anthony/.vscode/extensions/buzzyelectronics.stm-helper-1.2.9/armgcc/bin/../lib/gcc/arm-none-eabi/9.2.1/../../../../arm-none-eabi/lib/thumb/v6-m/nofp\libc_nano.a(lib_a-exit.o)
__deregister_frame_info                           c:/users/pierre-anthony/.vscode/extensions/buzzyelectronics.stm-helper-1.2.9/armgcc/bin/../lib/gcc/arm-none-eabi/9.2.1/thumb/v6-m/nofp/crtbegin.o
__dso_handle                                      c:/users/pierre-anthony/.vscode/extensions/buzzyelectronics.stm-helper-1.2.9/armgcc/bin/../lib/gcc/arm-none-eabi/9.2.1/thumb/v6-m/nofp/crtbegin.o
__init_array_end                                  c:/users/pierre-anthony/.vscode/extensions/buzzyelectronics.stm-helper-1.2.9/armgcc/bin/../lib/gcc/arm-none-eabi/9.2.1/../../../../arm-none-eabi/lib/thumb/v6-m/nofp\libc_nano.a(lib_a-init.o)
__init_array_start                                c:/users/pierre-anthony/.vscode/extensions/buzzyelectronics.stm-helper-1.2.9/armgcc/bin/../lib/gcc/arm-none-eabi/9.2.1/../../../../arm-none-eabi/lib/thumb/v6-m/nofp\libc_nano.a(lib_a-init.o)
__libc_fini_array                                 c:/users/pierre-anthony/.vscode/extensions/buzzyelectronics.stm-helper-1.2.9/armgcc/bin/../lib/gcc/arm-none-eabi/9.2.1/../../../../arm-none-eabi/lib/thumb/v6-m/nofp/crt0.o
__libc_init_array                                 c:/users/pierre-anthony/.vscode/extensions/buzzyelectronics.stm-helper-1.2.9/armgcc/bin/../lib/gcc/arm-none-eabi/9.2.1/../../../../arm-none-eabi/lib/thumb/v6-m/nofp\libc_nano.a(lib_a-init.o)
                                                  build/startup_stm32f042x6.o
                                                  c:/users/pierre-anthony/.vscode/extensions/buzzyelectronics.stm-helper-1.2.9/armgcc/bin/../lib/gcc/arm-none-eabi/9.2.1/../../../../arm-none-eabi/lib/thumb/v6-m/nofp/crt0.o
__preinit_array_end                               c:/users/pierre-anthony/.vscode/extensions/buzzyelectronics.stm-helper-1.2.9/armgcc/bin/../lib/gcc/arm-none-eabi/9.2.1/../../../../arm-none-eabi/lib/thumb/v6-m/nofp\libc_nano.a(lib_a-init.o)
__preinit_array_start                             c:/users/pierre-anthony/.vscode/extensions/buzzyelectronics.stm-helper-1.2.9/armgcc/bin/../lib/gcc/arm-none-eabi/9.2.1/../../../../arm-none-eabi/lib/thumb/v6-m/nofp\libc_nano.a(lib_a-init.o)
__register_frame_info                             c:/users/pierre-anthony/.vscode/extensions/buzzyelectronics.stm-helper-1.2.9/armgcc/bin/../lib/gcc/arm-none-eabi/9.2.1/thumb/v6-m/nofp/crtbegin.o
__sf_fake_stderr                                  c:/users/pierre-anthony/.vscode/extensions/buzzyelectronics.stm-helper-1.2.9/armgcc/bin/../lib/gcc/arm-none-eabi/9.2.1/../../../../arm-none-eabi/lib/thumb/v6-m/nofp\libc_nano.a(lib_a-impure.o)
__sf_fake_stdin                                   c:/users/pierre-anthony/.vscode/extensions/buzzyelectronics.stm-helper-1.2.9/armgcc/bin/../lib/gcc/arm-none-eabi/9.2.1/../../../../arm-none-eabi/lib/thumb/v6-m/nofp\libc_nano.a(lib_a-impure.o)
__sf_fake_stdout                                  c:/users/pierre-anthony/.vscode/extensions/buzzyelectronics.stm-helper-1.2.9/armgcc/bin/../lib/gcc/arm-none-eabi/9.2.1/../../../../arm-none-eabi/lib/thumb/v6-m/nofp\libc_nano.a(lib_a-impure.o)
__stack                                           c:/users/pierre-anthony/.vscode/extensions/buzzyelectronics.stm-helper-1.2.9/armgcc/bin/../lib/gcc/arm-none-eabi/9.2.1/../../../../arm-none-eabi/lib/thumb/v6-m/nofp/crt0.o
__udivsi3                                         c:/users/pierre-anthony/.vscode/extensions/buzzyelectronics.stm-helper-1.2.9/armgcc/bin/../lib/gcc/arm-none-eabi/9.2.1/thumb/v6-m/nofp\libgcc.a(_udivsi3.o)
_ebss                                             build/startup_stm32f042x6.o
_edata                                            build/startup_stm32f042x6.o
_estack                                           build/startup_stm32f042x6.o
_exit                                             c:/users/pierre-anthony/.vscode/extensions/buzzyelectronics.stm-helper-1.2.9/armgcc/bin/../lib/gcc/arm-none-eabi/9.2.1/../../../../arm-none-eabi/lib/thumb/v6-m/nofp\libnosys.a(_exit.o)
                                                  c:/users/pierre-anthony/.vscode/extensions/buzzyelectronics.stm-helper-1.2.9/armgcc/bin/../lib/gcc/arm-none-eabi/9.2.1/../../../../arm-none-eabi/lib/thumb/v6-m/nofp\libc_nano.a(lib_a-exit.o)
_fini                                             c:/users/pierre-anthony/.vscode/extensions/buzzyelectronics.stm-helper-1.2.9/armgcc/bin/../lib/gcc/arm-none-eabi/9.2.1/thumb/v6-m/nofp/crti.o
_global_impure_ptr                                c:/users/pierre-anthony/.vscode/extensions/buzzyelectronics.stm-helper-1.2.9/armgcc/bin/../lib/gcc/arm-none-eabi/9.2.1/../../../../arm-none-eabi/lib/thumb/v6-m/nofp\libc_nano.a(lib_a-impure.o)
                                                  c:/users/pierre-anthony/.vscode/extensions/buzzyelectronics.stm-helper-1.2.9/armgcc/bin/../lib/gcc/arm-none-eabi/9.2.1/../../../../arm-none-eabi/lib/thumb/v6-m/nofp\libc_nano.a(lib_a-exit.o)
_impure_ptr                                       c:/users/pierre-anthony/.vscode/extensions/buzzyelectronics.stm-helper-1.2.9/armgcc/bin/../lib/gcc/arm-none-eabi/9.2.1/../../../../arm-none-eabi/lib/thumb/v6-m/nofp\libc_nano.a(lib_a-impure.o)
_init                                             c:/users/pierre-anthony/.vscode/extensions/buzzyelectronics.stm-helper-1.2.9/armgcc/bin/../lib/gcc/arm-none-eabi/9.2.1/thumb/v6-m/nofp/crti.o
                                                  c:/users/pierre-anthony/.vscode/extensions/buzzyelectronics.stm-helper-1.2.9/armgcc/bin/../lib/gcc/arm-none-eabi/9.2.1/../../../../arm-none-eabi/lib/thumb/v6-m/nofp\libc_nano.a(lib_a-init.o)
_mainCRTStartup                                   c:/users/pierre-anthony/.vscode/extensions/buzzyelectronics.stm-helper-1.2.9/armgcc/bin/../lib/gcc/arm-none-eabi/9.2.1/../../../../arm-none-eabi/lib/thumb/v6-m/nofp/crt0.o
_sbss                                             build/startup_stm32f042x6.o
_sdata                                            build/startup_stm32f042x6.o
_sidata                                           build/startup_stm32f042x6.o
_start                                            c:/users/pierre-anthony/.vscode/extensions/buzzyelectronics.stm-helper-1.2.9/armgcc/bin/../lib/gcc/arm-none-eabi/9.2.1/../../../../arm-none-eabi/lib/thumb/v6-m/nofp/crt0.o
atexit                                            c:/users/pierre-anthony/.vscode/extensions/buzzyelectronics.stm-helper-1.2.9/armgcc/bin/../lib/gcc/arm-none-eabi/9.2.1/../../../../arm-none-eabi/lib/thumb/v6-m/nofp/crt0.o
exit                                              c:/users/pierre-anthony/.vscode/extensions/buzzyelectronics.stm-helper-1.2.9/armgcc/bin/../lib/gcc/arm-none-eabi/9.2.1/../../../../arm-none-eabi/lib/thumb/v6-m/nofp\libc_nano.a(lib_a-exit.o)
                                                  c:/users/pierre-anthony/.vscode/extensions/buzzyelectronics.stm-helper-1.2.9/armgcc/bin/../lib/gcc/arm-none-eabi/9.2.1/../../../../arm-none-eabi/lib/thumb/v6-m/nofp/crt0.o
g_pfnVectors                                      build/startup_stm32f042x6.o
hardware_init_hook                                c:/users/pierre-anthony/.vscode/extensions/buzzyelectronics.stm-helper-1.2.9/armgcc/bin/../lib/gcc/arm-none-eabi/9.2.1/../../../../arm-none-eabi/lib/thumb/v6-m/nofp/crt0.o
huart1                                            build/usart.o
                                                  build/main.o
huart2                                            build/usart.o
main                                              build/main.o
                                                  build/startup_stm32f042x6.o
                                                  c:/users/pierre-anthony/.vscode/extensions/buzzyelectronics.stm-helper-1.2.9/armgcc/bin/../lib/gcc/arm-none-eabi/9.2.1/../../../../arm-none-eabi/lib/thumb/v6-m/nofp/crt0.o
memcpy                                            c:/users/pierre-anthony/.vscode/extensions/buzzyelectronics.stm-helper-1.2.9/armgcc/bin/../lib/gcc/arm-none-eabi/9.2.1/../../../../arm-none-eabi/lib/thumb/v6-m/nofp\libc_nano.a(lib_a-memcpy-stub.o)
                                                  build/LX16A.o
memset                                            c:/users/pierre-anthony/.vscode/extensions/buzzyelectronics.stm-helper-1.2.9/armgcc/bin/../lib/gcc/arm-none-eabi/9.2.1/../../../../arm-none-eabi/lib/thumb/v6-m/nofp\libc_nano.a(lib_a-memset.o)
                                                  build/usart.o
                                                  build/gpio.o
                                                  build/main.o
                                                  c:/users/pierre-anthony/.vscode/extensions/buzzyelectronics.stm-helper-1.2.9/armgcc/bin/../lib/gcc/arm-none-eabi/9.2.1/../../../../arm-none-eabi/lib/thumb/v6-m/nofp/crt0.o
pFlash                                            build/stm32f0xx_hal_flash.o
                                                  build/stm32f0xx_hal_flash_ex.o
software_init_hook                                c:/users/pierre-anthony/.vscode/extensions/buzzyelectronics.stm-helper-1.2.9/armgcc/bin/../lib/gcc/arm-none-eabi/9.2.1/../../../../arm-none-eabi/lib/thumb/v6-m/nofp/crt0.o
timeout1                                          build/LX16A.o
uwTick                                            build/stm32f0xx_hal.o
uwTickFreq                                        build/stm32f0xx_hal.o
uwTickPrio                                        build/stm32f0xx_hal.o
                                                  build/stm32f0xx_hal_rcc.o
